com\theotech\security\CurrentUser.class
com\theotech\reports\service\ReportExcel$Styles.class
com\theotech\sales\repository\SaleQueryRepository.class
com\theotech\dashboard\dto\DashboardResponse.class
com\theotech\settings\dto\MailSettings.class
com\theotech\common\domain\TimestampedEntity.class
com\theotech\catalog\web\ProductController.class
com\theotech\iam\domain\Permission.class
com\theotech\settings\dto\SettingsResponse.class
com\theotech\reports\service\ReportMailer.class
com\theotech\common\exception\InsufficientStockException.class
com\theotech\sales\dto\SaleRequest$Item.class
com\theotech\sales\dto\ProductSalesAggregate.class
com\theotech\expenses\dto\ExpenseCategoryTotal.class
com\theotech\iam\domain\Role.class
com\theotech\iam\dto\WorkerUpdateRequest.class
com\theotech\expenses\repository\ExpenseRepository.class
com\theotech\iam\domain\User.class
com\theotech\catalog\repository\CategoryRepository.class
com\theotech\common\exception\ConflictException.class
com\theotech\config\AppProperties.class
com\theotech\reports\service\ReportExportService$Export.class
com\theotech\catalog\service\ProductService.class
com\theotech\reports\service\ReportExcel.class
com\theotech\reports\service\ReportPdf.class
com\theotech\config\AppProperties$Security.class
com\theotech\settings\domain\Setting.class
com\theotech\catalog\dto\StockAddRequest.class
com\theotech\catalog\dto\CategoryResponse.class
com\theotech\reports\service\ReportPdf$Shop.class
com\theotech\settings\dto\MailSettingsResponse.class
com\theotech\iam\repository\RoleRepository.class
com\theotech\sales\dto\PaidRequest.class
com\theotech\common\PageResponse.class
com\theotech\catalog\domain\Product.class
com\theotech\catalog\repository\ProductImageRepository.class
com\theotech\reports\web\ReportController.class
com\theotech\iam\web\WorkerController.class
com\theotech\security\SecurityConfig.class
com\theotech\iam\dto\WorkerRequest.class
com\theotech\sales\repository\SaleRepository.class
com\theotech\security\AppUserDetailsService.class
com\theotech\config\DemoDataSeeder.class
com\theotech\settings\repository\SettingRepository.class
com\theotech\catalog\dto\ProductRequest.class
com\theotech\common\exception\NotFoundException.class
com\theotech\config\SchedulingConfig.class
com\theotech\reports\service\ReportService.class
com\theotech\settings\repository\ShopLogoRepository.class
com\theotech\catalog\web\CategoryController.class
com\theotech\iam\dto\WorkerResponse.class
com\theotech\reports\service\ReportHtml.class
com\theotech\settings\web\SettingsController.class
com\theotech\reports\service\DailyReportScheduler.class
com\theotech\expenses\dto\ExpensesPageResponse.class
com\theotech\iam\service\WorkerService.class
com\theotech\sales\dto\SaleResponse.class
com\theotech\sales\web\SaleController.class
com\theotech\expenses\dto\ExpenseResponse.class
com\theotech\expenses\domain\Expense.class
com\theotech\dashboard\web\DashboardController.class
com\theotech\security\PasswordChangeRequiredFilter.class
com\theotech\settings\service\LogoService.class
com\theotech\expenses\dto\ExpenseRequest.class
com\theotech\reports\service\ReportExportService.class
com\theotech\security\dto\MeResponse.class
com\theotech\security\AuthService.class
com\theotech\sales\dto\SaleRequest.class
com\theotech\reports\dto\SalesReportResponse$Row.class
com\theotech\settings\service\MailTestService.class
com\theotech\sales\domain\Sale.class
com\theotech\common\ApiResponse.class
com\theotech\common\mail\EmailSender.class
com\theotech\common\exception\ValidationException.class
com\theotech\iam\dto\ResetPasswordRequest.class
com\theotech\expenses\web\ExpenseController.class
com\theotech\common\exception\AppException.class
com\theotech\settings\dto\MailSettingsRequest.class
com\theotech\settings\dto\SettingsRequest.class
com\theotech\config\JpaConfig.class
com\theotech\dashboard\service\DashboardService.class
com\theotech\reports\dto\SalesReportResponse.class
com\theotech\common\exception\GlobalExceptionHandler.class
com\theotech\sales\dto\ReceiptResponse.class
com\theotech\sales\repository\SaleQueryRepository$Totals.class
com\theotech\security\AuthController.class
com\theotech\catalog\dto\CategoryRequest.class
com\theotech\security\JsonAuthHandlers.class
com\theotech\settings\service\SettingsService.class
com\theotech\catalog\domain\Category.class
com\theotech\common\exception\MailFailedException.class
com\theotech\sales\service\SaleService.class
com\theotech\common\web\PageParams.class
com\theotech\config\DemoDataSeeder$Item.class
com\theotech\expenses\service\ExpenseService.class
com\theotech\iam\repository\UserRepository.class
com\theotech\TheoTechApplication.class
com\theotech\security\LoginAttemptService.class
com\theotech\security\AppUserPrincipal.class
com\theotech\settings\domain\ShopLogo.class
com\theotech\catalog\dto\ProductResponse.class
com\theotech\sales\dto\SalesHistoryResponse.class
com\theotech\common\exception\ForbiddenException.class
com\theotech\security\dto\ChangePasswordRequest.class
com\theotech\common\domain\AuditableEntity.class
com\theotech\common\mail\SmtpEmailSender.class
com\theotech\catalog\domain\ProductImage.class
com\theotech\sales\repository\SaleQueryRepository$Filter.class
com\theotech\catalog\repository\ProductRepository.class
com\theotech\catalog\service\CategoryService.class
