D:\theo-tech-system\src\main\java\com\theotech\catalog\domain\Category.java
D:\theo-tech-system\src\main\java\com\theotech\catalog\domain\Product.java
D:\theo-tech-system\src\main\java\com\theotech\catalog\domain\ProductImage.java
D:\theo-tech-system\src\main\java\com\theotech\catalog\dto\CategoryRequest.java
D:\theo-tech-system\src\main\java\com\theotech\catalog\dto\CategoryResponse.java
D:\theo-tech-system\src\main\java\com\theotech\catalog\dto\ProductRequest.java
D:\theo-tech-system\src\main\java\com\theotech\catalog\dto\ProductResponse.java
D:\theo-tech-system\src\main\java\com\theotech\catalog\dto\StockAddRequest.java
D:\theo-tech-system\src\main\java\com\theotech\catalog\repository\CategoryRepository.java
D:\theo-tech-system\src\main\java\com\theotech\catalog\repository\ProductImageRepository.java
D:\theo-tech-system\src\main\java\com\theotech\catalog\repository\ProductRepository.java
D:\theo-tech-system\src\main\java\com\theotech\catalog\service\CategoryService.java
D:\theo-tech-system\src\main\java\com\theotech\catalog\service\ProductService.java
D:\theo-tech-system\src\main\java\com\theotech\catalog\web\CategoryController.java
D:\theo-tech-system\src\main\java\com\theotech\catalog\web\ProductController.java
D:\theo-tech-system\src\main\java\com\theotech\common\ApiResponse.java
D:\theo-tech-system\src\main\java\com\theotech\common\domain\AuditableEntity.java
D:\theo-tech-system\src\main\java\com\theotech\common\domain\TimestampedEntity.java
D:\theo-tech-system\src\main\java\com\theotech\common\exception\AppException.java
D:\theo-tech-system\src\main\java\com\theotech\common\exception\ConflictException.java
D:\theo-tech-system\src\main\java\com\theotech\common\exception\ForbiddenException.java
D:\theo-tech-system\src\main\java\com\theotech\common\exception\GlobalExceptionHandler.java
D:\theo-tech-system\src\main\java\com\theotech\common\exception\InsufficientStockException.java
D:\theo-tech-system\src\main\java\com\theotech\common\exception\MailFailedException.java
D:\theo-tech-system\src\main\java\com\theotech\common\exception\NotFoundException.java
D:\theo-tech-system\src\main\java\com\theotech\common\exception\ValidationException.java
D:\theo-tech-system\src\main\java\com\theotech\common\mail\EmailSender.java
D:\theo-tech-system\src\main\java\com\theotech\common\mail\SmtpEmailSender.java
D:\theo-tech-system\src\main\java\com\theotech\common\PageResponse.java
D:\theo-tech-system\src\main\java\com\theotech\common\web\PageParams.java
D:\theo-tech-system\src\main\java\com\theotech\config\AppProperties.java
D:\theo-tech-system\src\main\java\com\theotech\config\DemoDataSeeder.java
D:\theo-tech-system\src\main\java\com\theotech\config\JpaConfig.java
D:\theo-tech-system\src\main\java\com\theotech\config\SchedulingConfig.java
D:\theo-tech-system\src\main\java\com\theotech\dashboard\dto\DashboardResponse.java
D:\theo-tech-system\src\main\java\com\theotech\dashboard\service\DashboardService.java
D:\theo-tech-system\src\main\java\com\theotech\dashboard\web\DashboardController.java
D:\theo-tech-system\src\main\java\com\theotech\expenses\domain\Expense.java
D:\theo-tech-system\src\main\java\com\theotech\expenses\dto\ExpenseCategoryTotal.java
D:\theo-tech-system\src\main\java\com\theotech\expenses\dto\ExpenseRequest.java
D:\theo-tech-system\src\main\java\com\theotech\expenses\dto\ExpenseResponse.java
D:\theo-tech-system\src\main\java\com\theotech\expenses\dto\ExpensesPageResponse.java
D:\theo-tech-system\src\main\java\com\theotech\expenses\repository\ExpenseRepository.java
D:\theo-tech-system\src\main\java\com\theotech\expenses\service\ExpenseService.java
D:\theo-tech-system\src\main\java\com\theotech\expenses\web\ExpenseController.java
D:\theo-tech-system\src\main\java\com\theotech\iam\domain\Permission.java
D:\theo-tech-system\src\main\java\com\theotech\iam\domain\Role.java
D:\theo-tech-system\src\main\java\com\theotech\iam\domain\User.java
D:\theo-tech-system\src\main\java\com\theotech\iam\dto\ResetPasswordRequest.java
D:\theo-tech-system\src\main\java\com\theotech\iam\dto\WorkerRequest.java
D:\theo-tech-system\src\main\java\com\theotech\iam\dto\WorkerResponse.java
D:\theo-tech-system\src\main\java\com\theotech\iam\dto\WorkerUpdateRequest.java
D:\theo-tech-system\src\main\java\com\theotech\iam\repository\RoleRepository.java
D:\theo-tech-system\src\main\java\com\theotech\iam\repository\UserRepository.java
D:\theo-tech-system\src\main\java\com\theotech\iam\service\WorkerService.java
D:\theo-tech-system\src\main\java\com\theotech\iam\web\WorkerController.java
D:\theo-tech-system\src\main\java\com\theotech\reports\dto\SalesReportResponse.java
D:\theo-tech-system\src\main\java\com\theotech\reports\service\DailyReportScheduler.java
D:\theo-tech-system\src\main\java\com\theotech\reports\service\ReportExcel.java
D:\theo-tech-system\src\main\java\com\theotech\reports\service\ReportExportService.java
D:\theo-tech-system\src\main\java\com\theotech\reports\service\ReportHtml.java
D:\theo-tech-system\src\main\java\com\theotech\reports\service\ReportMailer.java
D:\theo-tech-system\src\main\java\com\theotech\reports\service\ReportPdf.java
D:\theo-tech-system\src\main\java\com\theotech\reports\service\ReportService.java
D:\theo-tech-system\src\main\java\com\theotech\reports\web\ReportController.java
D:\theo-tech-system\src\main\java\com\theotech\sales\domain\Sale.java
D:\theo-tech-system\src\main\java\com\theotech\sales\dto\PaidRequest.java
D:\theo-tech-system\src\main\java\com\theotech\sales\dto\ProductSalesAggregate.java
D:\theo-tech-system\src\main\java\com\theotech\sales\dto\ReceiptResponse.java
D:\theo-tech-system\src\main\java\com\theotech\sales\dto\SaleRequest.java
D:\theo-tech-system\src\main\java\com\theotech\sales\dto\SaleResponse.java
D:\theo-tech-system\src\main\java\com\theotech\sales\dto\SalesHistoryResponse.java
D:\theo-tech-system\src\main\java\com\theotech\sales\repository\SaleQueryRepository.java
D:\theo-tech-system\src\main\java\com\theotech\sales\repository\SaleRepository.java
D:\theo-tech-system\src\main\java\com\theotech\sales\service\SaleService.java
D:\theo-tech-system\src\main\java\com\theotech\sales\web\SaleController.java
D:\theo-tech-system\src\main\java\com\theotech\security\AppUserDetailsService.java
D:\theo-tech-system\src\main\java\com\theotech\security\AppUserPrincipal.java
D:\theo-tech-system\src\main\java\com\theotech\security\AuthController.java
D:\theo-tech-system\src\main\java\com\theotech\security\AuthService.java
D:\theo-tech-system\src\main\java\com\theotech\security\CurrentUser.java
D:\theo-tech-system\src\main\java\com\theotech\security\dto\ChangePasswordRequest.java
D:\theo-tech-system\src\main\java\com\theotech\security\dto\MeResponse.java
D:\theo-tech-system\src\main\java\com\theotech\security\JsonAuthHandlers.java
D:\theo-tech-system\src\main\java\com\theotech\security\LoginAttemptService.java
D:\theo-tech-system\src\main\java\com\theotech\security\PasswordChangeRequiredFilter.java
D:\theo-tech-system\src\main\java\com\theotech\security\SecurityConfig.java
D:\theo-tech-system\src\main\java\com\theotech\settings\domain\Setting.java
D:\theo-tech-system\src\main\java\com\theotech\settings\domain\ShopLogo.java
D:\theo-tech-system\src\main\java\com\theotech\settings\dto\MailSettings.java
D:\theo-tech-system\src\main\java\com\theotech\settings\dto\MailSettingsRequest.java
D:\theo-tech-system\src\main\java\com\theotech\settings\dto\MailSettingsResponse.java
D:\theo-tech-system\src\main\java\com\theotech\settings\dto\SettingsRequest.java
D:\theo-tech-system\src\main\java\com\theotech\settings\dto\SettingsResponse.java
D:\theo-tech-system\src\main\java\com\theotech\settings\repository\SettingRepository.java
D:\theo-tech-system\src\main\java\com\theotech\settings\repository\ShopLogoRepository.java
D:\theo-tech-system\src\main\java\com\theotech\settings\service\LogoService.java
D:\theo-tech-system\src\main\java\com\theotech\settings\service\MailTestService.java
D:\theo-tech-system\src\main\java\com\theotech\settings\service\SettingsService.java
D:\theo-tech-system\src\main\java\com\theotech\settings\web\SettingsController.java
D:\theo-tech-system\src\main\java\com\theotech\TheoTechApplication.java
